# Comment out the ones that you want to compile.
# this file along with compileList.pl is used to compile libraries in strict order
# to prevent any errors with missed modules
#D:\Projects\Libs7\de\OLD\ExpressCommonD6\dxComnD6.dpk
#D:\Projects\Libs7\de\OLD\ExpressInplaceEditorsD6\dxEdtrD6.dpk
#D:\Projects\Libs7\de\OLD\ExpressQuantumGridD6\EQTLD6.dpk
#D:\Projects\Libs7\de\OLD\ExpressInplaceEditorsD6\dxDBEdD6.dpk
#D:\Projects\Libs7\de\OLD\ExpressQuantumGridD6\ECQDBCD6.dpk
#D:\Projects\Libs7\de\OLD\ExpressQuantumGridD6\EQDBTLD6.dpk
#D:\Projects\Libs7\de\OLD\ExpressQuantumGridD6\dclEQDBTLD6.dpk
#D:\Projects\Libs7\de\OLD\ExpressQuantumGridD6\EQGridD6.dpk
#D:\Projects\Libs7\de\OLD\ExpressQuantumGridD6\dclEQGridD6.dpk
#D:\Projects\Libs7\de\OLD\ExpressQuantumGridD6\dcldxGrEdD6.dpk
###D:\Projects\Libs7\de\OLD\ExpressInspector\Sources\dxInsD6.dpk
###D:\Projects\Libs7\de\OLD\ExpressInspector\Sources\dxExRwD6.dpk
###D:\Projects\Libs7\de\OLD\ExpressInspector\Sources\dcldxInsD6.dpk
###D:\Projects\Libs7\de\OLD\ExpressInspector\Sources\dcldxExRwD6.dpk
#D:\Projects\Libs7\de\OLD\ExpressEditorsLibraryD6\dxELibD6.dpk
#D:\Projects\Libs7\de\OLD\ExpressQuantumGridD6\dxExELD6.dpk
#D:\Projects\Libs7\de\OLD\ExpressQuantumGridD6\dcldxExELD6.dpk
#D:\Projects\Libs7\de\OLD\ExpressQuantumGridD6\dclEQTLD6.dpk
#D:\Projects\Libs7\de\OLD\ExpressInplaceEditorsD6\dcldxEdtrD6.dpk
#D:\Projects\Libs7\de\OLD\ExpressQuantumGridD6\dclECQDBCD6.dpk
#D:\Projects\Libs7\de\OLD\ExpressEditorsLibraryD6\dcldxELibD6.dpk
#D:\Projects\Libs7\de\OLD\ExpressQuantumGridD6\dxGrEdD6.dpk



#D:\Projects\Libs7\de\xptheme\Sources\dxThemeD7.dpk
#D:\Projects\Libs7\de\cxlib\Sources\cxLibraryVCLD7.dpk
#D:\Projects\Libs7\de\datactrl\Sources\cxDataD7.dpk
#D:\Projects\Libs7\de\common\Sources\dxComnD7.dpk
#D:\Projects\Libs7\de\inplaceeditors\dxEdtrD7.dpk
#D:\Projects\Libs7\de\grid\Sources\cxExportVCLD7.dpk
#D:\Projects\Libs7\de\editorslib4\Sources\cxEditorsVCLD7.dpk
#D:\Projects\Libs7\de\grid\Sources\cxGridVCLD7.dpk
#D:\Projects\Libs7\de\bars\Sources\dxBarD7.dpk
#D:\Projects\Libs7\de\editorslib4\Sources\cxExtEditorsVCLD7.dpk
#D:\Projects\Libs7\de\mview\Sources\dxMasterViewD7.dpk
#D:\Projects\Libs7\de\dbtree\Sources\dxdbtrD7.dpk
#D:\Projects\Libs7\de\datactrl\Sources\cxBDEAdaptersD7.dpk
#D:\Projects\Libs7\de\inplaceeditors\dxDBEdD7.dpk
#D:\Projects\Libs7\de\bars\Sources\dxsbD7.dpk
#D:\Projects\Libs7\de\bars\Sources\dxDockingD7.dpk
#D:\Projects\Libs7\de\cxlib\Sources\dclcxLibraryVCLD7.dpk
#D:\Projects\Libs7\de\commoned\Sources\cxCommonEditingVCLD7.dpk
#D:\Projects\Libs7\de\memdata\Sources\dxmdsD7.dpk
#D:\Projects\Libs7\de\pagecontrol\Sources\cxPageControlVCLD7.dpk
#D:\Projects\Libs7\de\treelist\Sources\cxTreeListVCLD7.dpk
#D:\Projects\Libs7\de\dbtree\Sources\dxtrmdD7.dpk
#D:\Projects\Libs7\de\bars\Sources\dcldxDockingD7.dpk
#D:\Projects\Libs7\de\bars\Sources\dxBarExtItemsD7.dpk
#D:\Projects\Libs7\de\editorslib4\Sources\dclcxEditorsVCLD7.dpk
#D:\Projects\Libs7\de\grid\Sources\dclcxGridVCLD7.dpk
#D:\Projects\Libs7\de\grid\Sources\cxGridUtilsVCLD7.dpk
#D:\Projects\Libs7\de\grid\Sources\dclcxGridUtilsVCLD7.dpk
#D:\Projects\Libs7\de\datactrl\Sources\cxADOAdaptersD7.dpk
#D:\Projects\Libs7\de\pagecontrol\Sources\dclcxPageControlVCLD7.dpk
#D:\Projects\Libs7\de\bars\Sources\dxBarExtDBItemsD7.dpk
#D:\Projects\Libs7\de\commoned\Sources\dclcxCommonEditingVCLD7.dpk
#D:\Projects\Libs7\de\bars\Sources\dcldxsbD7.dpk
#D:\Projects\Libs7\de\bars\Sources\dcldxBarD7.dpk
#D:\Projects\Libs7\de\dbtree\Sources\dcldxdbtrD7.dpk
#D:\Projects\Libs7\de\editorslib4\Sources\dclcxExtEditorsVCLD7.dpk
#D:\Projects\Libs7\de\bars\Sources\dcldxBarExtItemsD7.dpk
#D:\Projects\Libs7\de\mview\Sources\dcldxMasterViewD7.dpk
#D:\Projects\Libs7\de\flowchart\Sources\dxFlowChartD7.dpk
#D:\Projects\Libs7\de\memdata\Sources\dcldxmdsD7.dpk
#D:\Projects\Libs7\de\bars\Sources\dxBarDBNavD7.dpk
#D:\Projects\Libs7\de\treelist\Sources\dclcxTreeListVCLD7.dpk
#D:\Projects\Libs7\de\bars\Sources\dcldxBarExtDBItemsD7.dpk
#D:\Projects\Libs7\de\flowchart\Sources\dcldxFlowChartD7.dpk
#D:\Projects\Libs7\de\dbtree\Sources\dcldxtrmdD7.dpk
#D:\Projects\Libs7\de\inplaceeditors\dcldxEdtrD7.dpk
#D:\Projects\Libs7\de\bars\Sources\dcldxBarDBNavD7.dpk

#D:\Projects\Libs7\de\insp\Sources\dxInsD7.dpk
#D:\Projects\Libs7\de\insp\Sources\dxExRwD7.dpk
#D:\Projects\Libs7\de\insp\Sources\dxObjInsD7.dpk
#D:\Projects\Libs7\de\insp\Sources\dcldxExRwD7.dpk
#D:\Projects\Libs7\de\insp\Sources\dcldxInsD7.dpk
#D:\Projects\Libs7\de\insp\Sources\dcldxObjInsD7.dpk

#D:\Projects\Libs7\tlb2000\Source\tb2k_d7.dpk
#D:\Projects\Libs7\tlb2000\Source\tb2kdsgn_d7.dpk

#D:\Projects\Libs7\X-File\Source\XFile.dpk

#D:\Projects\Libs7\xLib\xLib.dpk

#D:\Projects\Libs7\ssPack\ssRegUtils.pas
#D:\Projects\Libs7\FR252\source\fr7.dpk

#D:\Projects\Libs7\ssPack\sspack.dpk
#D:\Projects\Libs7\ssPack\okComboBoxes.dpk

#D:\Projects\Libs7\regexpr\Source\RegExpr.pas

#D:\Projects\Libs7\ap\apControls.dpk

#D:\Projects\Libs7\Hardware\sysInfo.dpk

#D:\Projects\Libs7\ZeosDBO\666\packages\delphi11\ZCore.dpk
#D:\Projects\Libs7\ZeosDBO\666\packages\delphi11\ZPlain.dpk
#D:\Projects\Libs7\ZeosDBO\666\packages\delphi11\ZParseSql.dpk
#D:\Projects\Libs7\ZeosDBO\666\packages\delphi11\ZDbc.dpk
#D:\Projects\Libs7\ZeosDBO\666\packages\delphi11\ZComponent.dpk
#D:\Projects\Libs7\ZeosDBO\666\packages\delphi11\ZComponentDesign.dpk

